main.c:73:6:clearLed	8	static
main.c:77:6:clearPin	16	static
main.c:81:6:enablePin	16	static
main.c:85:6:display7SEG	32	static
main.c:92:6:clearEnable	8	static
main.c:99:6:update7SEG	16	static
main.c:130:6:updateClockBuffer	4	static
main.c:137:6:setCol	16	static
main.c:148:6:setMatrix	8	static
main.c:158:6:updateLEDMatrix	24	static
main.c:198:6:updateTime	24	static
main.c:220:5:main	8	static
main.c:303:6:SystemClock_Config	72	static
main.c:339:13:MX_TIM2_Init	32	static
main.c:384:13:MX_GPIO_Init	32	static
main.c:434:6:HAL_TIM_PeriodElapsedCallback	16	static
main.c:445:6:Error_Handler	4	static,ignoring_inline_asm
