main.c:71:6:clearLed	8	static
main.c:75:6:clearPin	16	static
main.c:79:6:enablePin	16	static
main.c:83:6:display7SEG	32	static
main.c:90:6:clearEnable	8	static
main.c:97:6:update7SEG	16	static
main.c:128:6:updateClockBuffer	4	static
main.c:135:6:setCol	16	static
main.c:146:6:setMatrix	8	static
main.c:157:6:updateLEDMatrix	16	static
main.c:203:5:main	8	static
main.c:288:6:SystemClock_Config	72	static
main.c:324:13:MX_TIM2_Init	32	static
main.c:369:13:MX_GPIO_Init	32	static
main.c:419:6:HAL_TIM_PeriodElapsedCallback	16	static
main.c:430:6:Error_Handler	4	static,ignoring_inline_asm
